Loading gcc/11.3.0
  Loading requirement: gmp/6.2.1 mpfr/4.1.0 mpc/1.2.1
=== M2b run start 2026-08-16 10:59:02 ===
    datasets : sift1m gist1m
    threads  : 32

############ pre-flight: SuCo load ############
====================================================================
SuCo load pre-flight
====================================================================
1. provenance
   faiss package : /leonardo/home/userexternal/afilippa/miniconda3/envs/anns/lib/python3.12/site-packages/faiss/__init__.py
   compiled lib  : /leonardo/home/userexternal/afilippa/miniconda3/envs/anns/lib/python3.12/site-packages/faiss/_swigfaiss_avx512.so
   built         : 2026-08-14 19:28:12
   IndexSuCo.cpp : 2026-08-14 19:12:31
   -> compiled library postdates the source

2. SWIG binding freshness (advisory -- does not decide anything)
   PASS  IndexSuCo() constructs, d=0: the wrapper was regenerated after 17f60df4

3. IxSC round trip through read_index (AUTHORITATIVE)
   PASS  read back d=32 ntotal=2000 (expected d=32 ntotal=2000)

4. prebuilt indexes in /leonardo_work/EUHPC_D32_102/dhm/indices
   PASS  sift1m_opq_ivfpq.idx                             42 MB  d=128 ntotal=1000000  2.8s
   PASS  gist1m_opq_ivfpq.idx                             92 MB  d=960 ntotal=1000000  0.7s
   PASS  sift1m_opq_ivfpq_sq8.idx                        170 MB  d=128 ntotal=1000000  0.5s
   PASS  sift1m_ivfflat.idx                              522 MB  d=128 ntotal=1000000  1.3s
   PASS  sift1m_suco_ns8.idx                             576 MB  d=128 ntotal=1000000  1.5s
   PASS  sift1m_hnsw32.idx                               784 MB  d=128 ntotal=1000000  2.1s
   PASS  sift1m_hnsw48.idx                               912 MB  d=128 ntotal=1000000  2.5s
   PASS  sift1m_cspg.idx                                 944 MB  d=128 ntotal=1000000  2.4s
   PASS  gist1m_opq_ivfpq_sq8.idx                       1052 MB  d=960 ntotal=1000000  3.2s
   PASS  sift1m_shg.idx                                 1416 MB  d=128 ntotal=1000000  3.1s
   PASS  gist1m_ivfflat.idx                             3863 MB  d=960 ntotal=1000000  8.5s
   skip  gist1m_hnsw32.idx                              4112 MB  (over --max-mb 4096.0)
   skip  gist1m_suco_ns40.idx                           4161 MB  (over --max-mb 4096.0)
   skip  gist1m_hnsw48.idx                              4240 MB  (over --max-mb 4096.0)
   skip  gist1m_cspg.idx                                4272 MB  (over --max-mb 4096.0)
   skip  gist1m_shg.idx                                 8076 MB  (over --max-mb 4096.0)

====================================================================
VERDICT: SuCo indexes load. Step 6 is safe to run.

############ 0. machine ############
Architecture:        x86_64
CPU op-mode(s):      32-bit, 64-bit
Byte Order:          Little Endian
CPU(s):              32
On-line CPU(s) list: 0-31
Thread(s) per core:  1
Core(s) per socket:  32
Socket(s):           1
NUMA node(s):        2
Vendor ID:           GenuineIntel
CPU family:          6
Model:               106
Model name:          Intel(R) Xeon(R) Platinum 8358 CPU @ 2.60GHz
Stepping:            6
CPU MHz:             2601.000
CPU max MHz:         2601.0000
CPU min MHz:         800.0000
BogoMIPS:            5200.00
Virtualization:      VT-x
L1d cache:           48K
L1i cache:           32K
L2 cache:            1280K
L3 cache:            49152K
NUMA node0 CPU(s):   0-15
NUMA node1 CPU(s):   16-31
Flags:               fpu vme de pse tsc msr pae mce cx8 apic sep mtrr pge mca cmov pat pse36 clflush dts acpi mmx fxsr sse sse2 ss ht tm pbe syscall nx pdpe1gb rdtscp lm constant_tsc art arch_perfmon pebs bts rep_good nopl xtopology nonstop_tsc cpuid aperfmperf pni pclmulqdq dtes64 monitor ds_cpl vmx smx est tm2 ssse3 sdbg fma cx16 xtpr pdcm pcid dca sse4_1 sse4_2 x2apic movbe popcnt tsc_deadline_timer aes xsave avx f16c rdrand lahf_lm abm 3dnowprefetch cpuid_fault epb cat_l3 invpcid_single intel_ppin ssbd mba ibrs ibpb stibp ibrs_enhanced tpr_shadow vnmi flexpriority ept vpid ept_ad fsgsbase tsc_adjust bmi1 avx2 smep bmi2 erms invpcid cqm rdt_a avx512f avx512dq rdseed adx smap avx512ifma clflushopt clwb intel_pt avx512cd sha_ni avx512bw avx512vl xsaveopt xsavec xgetbv1 xsaves cqm_llc cqm_occup_llc cqm_mbm_total cqm_mbm_local split_lock_detect wbnoinvd dtherm ida arat pln pts hwp hwp_act_window hwp_epp hwp_pkg_req avx512vbmi umip pku ospke avx512_vbmi2 gfni vaes vpclmulqdq avx512_vnni avx512_bitalg tme avx512_vpopcntdq la57 rdpid fsrm md_clear pconfig flush_l1d arch_capabilities
--- caches ---
--- numa ---
available: 2 nodes (0-1)
node 0 cpus: 0 1 2 3 4 5 6 7 8 9 10 11 12 13 14 15
node 0 size: 256941 MB
node 0 free: 234737 MB
node 1 cpus: 16 17 18 19 20 21 22 23 24 25 26 27 28 29 30 31
node 1 size: 258040 MB
node 1 free: 254505 MB
node distances:
node   0   1 
  0:  10  11 
  1:  11  10 
--- memory ---
              total        used        free      shared  buff/cache   available
Mem:            502           6         477           1          18         485
Swap:             0           0           0
--- DIMMs (needs privileges; absence is itself worth recording) ---
dmidecode unavailable
--- perf ---
perf_event_paranoid = -1
perf version 4.18.0-477.27.1.el8_8.x86_64
--- affinity ---
sched_getaffinity: 32 CPUs

############ 1. ceilings (STREAM + BW_rand) ############
m2_ceilings: threads=32

A) STREAM  (32 threads, 4.0 GiB per array, best of 10)
   copy     141.36 GB/s
   scale    140.77 GB/s
   add      148.33 GB/s
   triad    148.61 GB/s
   copy is what the numpy proxy in bench_m2_bandwidth.py stood in for;
   the read ceiling a read-only search needs is in B).

B) BW_rand(B, C)  (32 threads, 16 GiB array, best of 3)
   B = 4d bytes per chunk at a random chunk-aligned offset;
   C chunks independent per hop, hops dependent on bytes read.

        d  B(byte)    lines   C=1     C=4     C=16    C=64       (GB/s)
       96      384      6.0   51.07   59.36   62.41   63.01
      100      400      6.2   46.36   56.50   59.83   60.69
      128      512      8.0   44.12   55.20   58.32   59.03
      200      800     12.5   50.90   56.03   57.61   57.99
      256     1024     16.0   58.59   62.51   63.87   64.18
      420     1680     26.2   73.39   77.53   78.58   78.51
      512     2048     32.0   81.39   84.42   85.32   85.50
      960     3840     60.0   98.93  100.46  100.88  100.90
     1024     4096     64.0  120.31  122.18  122.55  122.80
     1369     5476     85.6  109.87  111.13  111.64  111.67
     1536     6144     96.0  119.65  120.52  120.84  121.01
     1920     7680    120.0  121.12  122.17  122.37  122.65
     3840    15360    240.0  136.80  137.11  137.23  137.25
     7680    30720    480.0  145.05  145.34  145.37  145.25

   sequential read, same array, no writes:  168.42 GB/s
   This is the read-only sequential ceiling: the upper bound the
   search approaches only once a vector is wide enough that a
   'random' access has become a multi-page burst.

wrote /leonardo_work/EUHPC_D32_102/dhm/SuCo_CSPG_SHG/benchs/results_router/m2_ceilings.json
m2_ceilings: threads=1

A) STREAM  (1 threads, 4.0 GiB per array, best of 10)
   copy      14.33 GB/s
   scale     14.38 GB/s
   add       16.59 GB/s
   triad     16.58 GB/s
   copy is what the numpy proxy in bench_m2_bandwidth.py stood in for;
   the read ceiling a read-only search needs is in B).

B) BW_rand(B, C)  (1 threads, 16 GiB array, best of 3)
   B = 4d bytes per chunk at a random chunk-aligned offset;
   C chunks independent per hop, hops dependent on bytes read.

        d  B(byte)    lines   C=1     C=4     C=16    C=64       (GB/s)
       96      384      6.0    1.61    1.84    1.95    2.00
      100      400      6.2    1.58    1.92    2.04    2.09
      128      512      8.0    1.73    2.19    2.34    2.38
      200      800     12.5    2.17    2.37    2.43    2.45
      256     1024     16.0    2.55    2.72    2.79    2.80
      420     1680     26.2    3.45    3.68    3.74    3.76
      512     2048     32.0    4.49    4.74    4.79    4.81
      960     3840     60.0    6.15    6.34    6.39    6.41
     1024     4096     64.0    6.82    7.00    7.05    7.05
     1369     5476     85.6    6.96    7.12    7.17    7.19
     1536     6144     96.0    7.50    7.66    7.71    7.73
     1920     7680    120.0    7.78    7.93    7.96    7.98
     3840    15360    240.0    9.15    9.22    9.29    9.26
     7680    30720    480.0   10.16   10.17   10.15   10.14

   sequential read, same array, no writes:   16.63 GB/s
   This is the read-only sequential ceiling: the upper bound the
   search approaches only once a vector is wide enough that a
   'random' access has become a multi-page burst.

wrote /leonardo_work/EUHPC_D32_102/dhm/SuCo_CSPG_SHG/benchs/results_router/m2_ceilings_1t.json

############################################################
# 2026-08-16 11:00:48  sift1m
############################################################
threads=32

E1: zero-padding ablation on sift1m (n=1000000, d=128, M=32, efC=128, efSearch=100)
  d=  128  recall=0.9920  ndis/q=  2517.6  ms/q=  0.0292    44.08 GB/s  ok
  d=  256  recall=0.9920  ndis/q=  2517.6  ms/q=  0.0518    49.81 GB/s  ok
  d=  512  recall=0.9920  ndis/q=  2517.6  ms/q=  0.0903    57.08 GB/s  ok
  d= 1024  recall=0.9920  ndis/q=  2517.6  ms/q=  0.1550    66.54 GB/s  ok

  d(log t)/d(log d) = 0.802 (R^2=0.9998, 4 widths)
  peak average achieved: 66.54 GB/s at d=1024

  t = 15.03 us + 138.635 ns/dim   (R^2=0.99595)
  d-independent share of query time: d=128:46%  d=256:30%  d=512:17%  d=1024:10%
  MARGINAL bandwidth (the bandwidth-bound quantity), global fit: 72.64 GB/s
      128 ->   256:   57.25 GB/s
      256 ->   512:   66.84 GB/s
      512 ->  1024:   79.77 GB/s
  Compare each against BW_rand(4d) at the matching width, not against STREAM.
wrote /leonardo_work/EUHPC_D32_102/dhm/SuCo_CSPG_SHG/benchs/results_router/m2_padding_sift1m.csv

C: thread sweep at fixed width on sift1m (widths=[128, 512], nq=2000)
  Rising GB/s at 32 threads => not saturated; a flat tail => a shared-resource ceiling.
  d=  128  t=  1  ms/q=   0.4466  speedup=  1.00x  eta=1.000     2.88 GB/s
  d=  128  t=  2  ms/q=   0.2258  speedup=  1.98x  eta=0.989     5.69 GB/s
  d=  128  t=  4  ms/q=   0.1187  speedup=  3.76x  eta=0.941    10.83 GB/s
  d=  128  t=  8  ms/q=   0.0633  speedup=  7.05x  eta=0.881    20.29 GB/s
  d=  128  t= 16  ms/q=   0.0383  speedup= 11.65x  eta=0.728    33.54 GB/s
  d=  128  t= 32  ms/q=   0.0294  speedup= 15.20x  eta=0.475    43.73 GB/s
  d=  512  t=  1  ms/q=   0.7359  speedup=  1.00x  eta=1.000     6.99 GB/s
  d=  512  t=  2  ms/q=   0.3762  speedup=  1.96x  eta=0.978    13.67 GB/s
  d=  512  t=  4  ms/q=   0.2057  speedup=  3.58x  eta=0.894    24.99 GB/s
  d=  512  t=  8  ms/q=   0.1193  speedup=  6.17x  eta=0.771    43.11 GB/s
  d=  512  t= 16  ms/q=   0.0900  speedup=  8.18x  eta=0.511    57.16 GB/s
  d=  512  t= 32  ms/q=   0.0902  speedup=  8.16x  eta=0.255    56.99 GB/s
wrote /leonardo_work/EUHPC_D32_102/dhm/SuCo_CSPG_SHG/benchs/results_router/m2_threadsweep_sift1m.csv

D: efSearch sweep at native d=128 on sift1m (ndis and time, separate passes)
  ef=   10  ndis/q=    568.3  recall=0.7687  ms/q=  0.00489
  ef=   20  ndis/q=    812.7  recall=0.8836  ms/q=  0.00777
  ef=   40  ndis/q=   1272.0  recall=0.9546  ms/q=  0.01323
  ef=   60  ndis/q=   1706.7  recall=0.9778  ms/q=  0.01866
  ef=   80  ndis/q=   2120.8  recall=0.9872  ms/q=  0.02397
  ef=  100  ndis/q=   2518.1  recall=0.9918  ms/q=  0.02925
  ef=  150  ndis/q=   3452.9  recall=0.9967  ms/q=  0.04256
  ef=  200  ndis/q=   4327.0  recall=0.9982  ms/q=  0.05549
  ef=  300  ndis/q=   5948.3  recall=0.9993  ms/q=  0.07930
  ef=  400  ndis/q=   7450.4  recall=0.9997  ms/q=  0.10369
  ef=  600  ndis/q=  10217.2  recall=0.9999  ms/q=  0.15012
  ef=  800  ndis/q=  12759.5  recall=0.9999  ms/q=  0.19617
  ef= 1000  ndis/q=  15141.1  recall=0.9999  ms/q=  0.24249
  ef= 1500  ndis/q=  20606.6  recall=0.9999  ms/q=  0.35884
  ef= 2000  ndis/q=  25578.2  recall=0.9999  ms/q=  0.48261
  d(log t)/d(log ndis) [all] = 1.187 (R^2=0.9998, 15 points)
  d(log t)/d(log ndis) [matched_recall_band] = 1.161 (R^2=1.0000, 4 points)
  ~1.0 => removing a distance evaluation buys its full share of query time,
         so a distance-count reduction that does not show up as speed did not
         happen at the size claimed.
wrote /leonardo_work/EUHPC_D32_102/dhm/SuCo_CSPG_SHG/benchs/results_router/m2_efsweep_sift1m.csv
wrote /leonardo_work/EUHPC_D32_102/dhm/SuCo_CSPG_SHG/benchs/results_router/m2_bandwidth_sift1m.json

############################################################
# 2026-08-16 11:05:53  gist1m
############################################################
threads=32

E1: zero-padding ablation on gist1m (n=1000000, d=960, M=32, efC=128, efSearch=100)
  d=  960  recall=0.8637  ndis/q=  2835.6  ms/q=  0.1634    66.65 GB/s  ok
  d= 1920  recall=0.8637  ndis/q=  2835.6  ms/q=  0.3033    71.80 GB/s  ok
  d= 3840  recall=0.8637  ndis/q=  2835.6  ms/q=  0.5827    74.75 GB/s  ok
  d= 7680  recall=0.8637  ndis/q=  2835.6  ms/q=  1.1243    77.48 GB/s  ok

  d(log t)/d(log d) = 0.929 (R^2=0.9998, 4 widths)
  peak average achieved: 77.48 GB/s at d=7680

  t = 28.99 us + 142.895 ns/dim   (R^2=0.99993)
  d-independent share of query time: d=960:17%  d=1920:10%  d=3840:5%  d=7680:3%
  MARGINAL bandwidth (the bandwidth-bound quantity), global fit: 79.38 GB/s
      960 ->  1920:   77.81 GB/s
     1920 ->  3840:   77.95 GB/s
     3840 ->  7680:   80.42 GB/s
  Compare each against BW_rand(4d) at the matching width, not against STREAM.
wrote /leonardo_work/EUHPC_D32_102/dhm/SuCo_CSPG_SHG/benchs/results_router/m2_padding_gist1m.csv

C: thread sweep at fixed width on gist1m (widths=[960, 3840], nq=2000)
  Rising GB/s at 32 threads => not saturated; a flat tail => a shared-resource ceiling.
  d=  960  t=  1  ms/q=   0.5764  speedup=  1.00x  eta=1.000    18.90 GB/s
  d=  960  t=  2  ms/q=   0.3025  speedup=  1.91x  eta=0.953    36.01 GB/s
  d=  960  t=  4  ms/q=   0.1639  speedup=  3.52x  eta=0.879    66.47 GB/s
  d=  960  t=  8  ms/q=   0.0997  speedup=  5.78x  eta=0.723   109.27 GB/s
  d=  960  t= 16  ms/q=   0.0804  speedup=  7.17x  eta=0.448   135.49 GB/s
  d=  960  t= 32  ms/q=   0.0818  speedup=  7.04x  eta=0.220   133.13 GB/s
  d= 3840  t=  1  ms/q=   1.5044  speedup=  1.00x  eta=1.000    28.97 GB/s
  d= 3840  t=  2  ms/q=   0.8052  speedup=  1.87x  eta=0.934    54.12 GB/s
  d= 3840  t=  4  ms/q=   0.4652  speedup=  3.23x  eta=0.809    93.68 GB/s
  d= 3840  t=  8  ms/q=   0.3200  speedup=  4.70x  eta=0.588   136.19 GB/s
  d= 3840  t= 16  ms/q=   0.2890  speedup=  5.21x  eta=0.325   150.79 GB/s
  d= 3840  t= 32  ms/q=   0.2918  speedup=  5.16x  eta=0.161   149.35 GB/s
wrote /leonardo_work/EUHPC_D32_102/dhm/SuCo_CSPG_SHG/benchs/results_router/m2_threadsweep_gist1m.csv

D: efSearch sweep at native d=960 on gist1m (ndis and time, separate passes)
  ef=   10  ndis/q=    645.0  recall=0.4631  ms/q=  0.03011
  ef=   20  ndis/q=    939.4  recall=0.6064  ms/q=  0.04780
  ef=   40  ndis/q=   1444.6  recall=0.7334  ms/q=  0.07808
  ef=   60  ndis/q=   1922.4  recall=0.8028  ms/q=  0.10688
  ef=   80  ndis/q=   2384.3  recall=0.8380  ms/q=  0.13611
  ef=  100  ndis/q=   2833.6  recall=0.8640  ms/q=  0.16349
  ef=  150  ndis/q=   3896.9  recall=0.9093  ms/q=  0.23015
  ef=  200  ndis/q=   4898.2  recall=0.9325  ms/q=  0.29463
  ef=  300  ndis/q=   6771.1  recall=0.9544  ms/q=  0.41580
  ef=  400  ndis/q=   8508.0  recall=0.9676  ms/q=  0.53661
  ef=  600  ndis/q=  11686.6  recall=0.9794  ms/q=  0.77005
  ef=  800  ndis/q=  14595.2  recall=0.9840  ms/q=  0.97500
  ef= 1000  ndis/q=  17299.4  recall=0.9865  ms/q=  1.19861
  ef= 1500  ndis/q=  23479.8  recall=0.9914  ms/q=  1.78172
  ef= 2000  ndis/q=  29046.3  recall=0.9931  ms/q=  2.49301
  d(log t)/d(log ndis) [all] = 1.125 (R^2=0.9990, 15 points)
  d(log t)/d(log ndis) [matched_recall_band] = 1.209 (R^2=0.9962, 7 points)
  ~1.0 => removing a distance evaluation buys its full share of query time,
         so a distance-count reduction that does not show up as speed did not
         happen at the size claimed.
wrote /leonardo_work/EUHPC_D32_102/dhm/SuCo_CSPG_SHG/benchs/results_router/m2_efsweep_gist1m.csv
wrote /leonardo_work/EUHPC_D32_102/dhm/SuCo_CSPG_SHG/benchs/results_router/m2_bandwidth_gist1m.json

############ 5. measured DRAM traffic ############
uncore IMC counters available (x64 B per CAS): true DRAM traffic.
NOTE: -a is system-wide, so run this on an exclusive node or the
      counts include whatever else is resident.
--- perf sift1m d=128 passes=1 ---
graph: built in 33.0s
graph: cached to /tmp/m2b_1978109/graph_sift1m.npz
searching: d=128 nq=10000 ef=100 passes=1 threads=32
total 0.2930s over 1 passes (0.029301 ms/query, pass 1 is cold)
--- perf sift1m d=128 passes=11 ---
graph: loaded /tmp/m2b_1978109/graph_sift1m.npz
searching: d=128 nq=10000 ef=100 passes=11 threads=32
total 3.2338s over 11 passes (0.029399 ms/query, pass 1 is cold)
--- perf sift1m d=256 passes=1 ---
graph: loaded /tmp/m2b_1978109/graph_sift1m.npz
searching: d=256 nq=10000 ef=100 passes=1 threads=32
total 0.5256s over 1 passes (0.052559 ms/query, pass 1 is cold)
--- perf sift1m d=256 passes=11 ---
graph: loaded /tmp/m2b_1978109/graph_sift1m.npz
searching: d=256 nq=10000 ef=100 passes=11 threads=32
total 5.6791s over 11 passes (0.051628 ms/query, pass 1 is cold)
--- perf sift1m d=512 passes=1 ---
graph: loaded /tmp/m2b_1978109/graph_sift1m.npz
searching: d=512 nq=10000 ef=100 passes=1 threads=32
total 0.9054s over 1 passes (0.090538 ms/query, pass 1 is cold)
--- perf sift1m d=512 passes=11 ---
graph: loaded /tmp/m2b_1978109/graph_sift1m.npz
searching: d=512 nq=10000 ef=100 passes=11 threads=32
total 9.9524s over 11 passes (0.090476 ms/query, pass 1 is cold)
--- perf sift1m d=1024 passes=1 ---
graph: loaded /tmp/m2b_1978109/graph_sift1m.npz
searching: d=1024 nq=10000 ef=100 passes=1 threads=32
total 1.5598s over 1 passes (0.155977 ms/query, pass 1 is cold)
--- perf sift1m d=1024 passes=11 ---
graph: loaded /tmp/m2b_1978109/graph_sift1m.npz
searching: d=1024 nq=10000 ef=100 passes=11 threads=32
total 17.1283s over 11 passes (0.155712 ms/query, pass 1 is cold)
--- perf gist1m d=960 passes=1 ---
graph: built in 175.5s
graph: cached to /tmp/m2b_1978109/graph_gist1m.npz
searching: d=960 nq=1000 ef=100 passes=1 threads=32
total 0.1635s over 1 passes (0.163491 ms/query, pass 1 is cold)
--- perf gist1m d=960 passes=11 ---
graph: loaded /tmp/m2b_1978109/graph_gist1m.npz
searching: d=960 nq=1000 ef=100 passes=11 threads=32
total 1.8000s over 11 passes (0.163637 ms/query, pass 1 is cold)
--- perf gist1m d=1920 passes=1 ---
graph: loaded /tmp/m2b_1978109/graph_gist1m.npz
searching: d=1920 nq=1000 ef=100 passes=1 threads=32
total 0.3048s over 1 passes (0.304786 ms/query, pass 1 is cold)
--- perf gist1m d=1920 passes=11 ---
graph: loaded /tmp/m2b_1978109/graph_gist1m.npz
searching: d=1920 nq=1000 ef=100 passes=11 threads=32
total 3.3485s over 11 passes (0.304408 ms/query, pass 1 is cold)
traffic per pass = (counts at passes=11 - counts at passes=1) / 10, x 64 B
compare against ndis * nq * d * 4 from m2_padding_<ds>.csv:
  the gap is neighbour lists and the visited table, and it is
  d-independent, so it inflates the apparent bandwidth rise with d

############ 6. distance counts ############
NOTE: SuCo/CSPG/SHG rows appear only if the counters described in
      benchs/M2_DISTANCE_COUNTERS.md are compiled into this build.

=== sift1m ===
  sift1m: d=128 nb=1,000,000 nq=10,000 metric=L2
    base  : /leonardo_work/EUHPC_D32_102/dhm/data/sift100M/bigann_base_100M.bvecs (bvecs, 100,000,000 usable)
    query : /leonardo_work/EUHPC_D32_102/dhm/data/sift100M/bigann_query.bvecs (bvecs)
    train : /leonardo_work/EUHPC_D32_102/dhm/data/sift100M/bigann_learn.bvecs
    gt    : /leonardo_work/EUHPC_D32_102/dhm/data/sift100M/gnd/idx_1M.ivecs
  SuCo: loading /leonardo_work/EUHPC_D32_102/dhm/indices/sift1m_suco_ns8.idx
  SuCo: no distance counter compiled in (see benchs/M2_DISTANCE_COUNTERS.md) — skipped
  SHG: loading /leonardo_work/EUHPC_D32_102/dhm/indices/sift1m_shg.idx
  SHG: no distance counter compiled in (see benchs/M2_DISTANCE_COUNTERS.md) — skipped
  CSPG: loading /leonardo_work/EUHPC_D32_102/dhm/indices/sift1m_cspg.idx
  CSPG: no distance counter compiled in (see benchs/M2_DISTANCE_COUNTERS.md) — skipped
  HNSW32: loading /leonardo_work/EUHPC_D32_102/dhm/indices/sift1m_hnsw32.idx
  HNSW48: loading /leonardo_work/EUHPC_D32_102/dhm/indices/sift1m_hnsw48.idx
  wrote /leonardo_work/EUHPC_D32_102/dhm/SuCo_CSPG_SHG/benchs/results_router/m2_distcount_sift1m.json

sift1m  (n=1000000, d=128, k=10)
index             target       dis/q    narrow/q      kB/q      ms/q    ns/dis
------------------------------------------------------------------------------
SuCo                   —                              not instrumented
SHG                    —                              not instrumented
CSPG                   —                              not instrumented
HNSW32              0.95      1271.0         0.0     635.5    0.0125      9.81
HNSW32              0.99      2516.3         0.0    1258.1    0.0265     10.53
HNSW48              0.95      1502.0         0.0     751.0    0.0142      9.46
HNSW48              0.99      3088.9         0.0    1544.5    0.0285      9.24

=== gist1m ===
  gist1m: d=960 nb=1,000,000 nq=1,000 metric=L2
    base  : /leonardo_work/EUHPC_D32_102/dhm/data/gist1m/gist_base.fvecs (fvecs, 1,000,000 usable)
    query : /leonardo_work/EUHPC_D32_102/dhm/data/gist1m/gist_query.fvecs (fvecs)
    train : /leonardo_work/EUHPC_D32_102/dhm/data/gist1m/gist_learn.fvecs
    gt    : /leonardo_work/EUHPC_D32_102/dhm/data/gist1m/gist_groundtruth.ivecs
  SuCo: loading /leonardo_work/EUHPC_D32_102/dhm/indices/gist1m_suco_ns40.idx
  SuCo: no distance counter compiled in (see benchs/M2_DISTANCE_COUNTERS.md) — skipped
  SHG: loading /leonardo_work/EUHPC_D32_102/dhm/indices/gist1m_shg.idx
  SHG: no distance counter compiled in (see benchs/M2_DISTANCE_COUNTERS.md) — skipped
  CSPG: loading /leonardo_work/EUHPC_D32_102/dhm/indices/gist1m_cspg.idx
  CSPG: no distance counter compiled in (see benchs/M2_DISTANCE_COUNTERS.md) — skipped
  HNSW32: loading /leonardo_work/EUHPC_D32_102/dhm/indices/gist1m_hnsw32.idx
  HNSW48: loading /leonardo_work/EUHPC_D32_102/dhm/indices/gist1m_hnsw48.idx
  wrote /leonardo_work/EUHPC_D32_102/dhm/SuCo_CSPG_SHG/benchs/results_router/m2_distcount_gist1m.json

gist1m  (n=1000000, d=960, k=10)
index             target       dis/q    narrow/q      kB/q      ms/q    ns/dis
------------------------------------------------------------------------------
SuCo                   —                              not instrumented
SHG                    —                              not instrumented
CSPG                   —                              not instrumented
HNSW32              0.95      6774.2         0.0   25403.4    0.3805     56.17
HNSW32              0.99     23472.0         0.0   88019.9    1.3718     58.44
HNSW48              0.95      8047.1         0.0   30176.6    0.4124     51.25
HNSW48              0.99     17693.7         0.0   66351.3    1.0919     61.71

=== M2b run done 2026-08-16 11:37:02 ===

What to read out of this, in the order the section needs it:

  m2_ceilings.json          BW_rand(4d, C=4) per width. THE denominator.
                            Also real STREAM triad, to replace the 97.0 GB/s
                            numpy copy figure, and the sequential read ceiling,
                            which is the right sequential reference for a path
                            that never writes.

  m2_padding_<ds>.csv       unchanged ablation; the invariance columns are what
  m2_bandwidth_<ds>.json    make it worth anything. In `affine`:
                              marginal_gbs_global and segments[]  -> the
                                bandwidth-bound quantity, to be divided by
                                BW_rand(4d), NOT by STREAM
                              fixed_fraction_at_d                 -> how much of
                                query time never was about bytes

  m2_threadsweep_<ds>.csv   achieved_gbs vs threads at fixed width. Flat tail =>
                            a shared-resource ceiling, and "% of ceiling" is
                            licensed. Still climbing at 32 => the limit is
                            memory-level parallelism, and the section must say
                            so instead.

  m2_efsweep_<ds>.csv       d(log t)/d(log ndis). If this is ~1, Sec. VII's
                            "fewer distances leave the wall-clock largely
                            unchanged" is false and the shortfalls belong to
                            CSPG's m=2 partitions and SHG's upper-level share --
                            both of which the paper already measures.

  m2_perf_*.csv             measured traffic vs the vector-bytes-only figure.
                            The gap is neighbour lists and the visited table.

  m2_distcount_<ds>.json    the reductions themselves, at matched recall.
